     1                                 %line 1+1 hello.s
     2                                 
     3                                 
     4                                 
     5                                 
     6                                 
     7                                 
     8                                 [section .data]
     9                                 
    10 00000000 48656C6C6F2C20776F-    msg: db "Hello, world!", 10
    11 00000000 726C64210A         
    12                                 
    13                                 MSGLEN: equ 14
    14                                 
    15                                 [section .text]
    16                                 
    17                                 global_start
    18                                 _start:
    19 00000000 48C7C001000000          mov rax, 1
    20 00000007 48C7C701000000          mov rdi, 1
    21 0000000E 48C7C6[00000000]        mov rsi, msg
    22 00000015 48C7C20E000000          mov rdx, MSGLEN
    23 0000001C 0F05                    syscall
    24                                 
    25                                 
    26 0000001E 48C7C03C000000          mov rax, 60
    27 00000025 48C7C700000000          mov rdi, 0
    28 0000002C 0F05                    syscall
    29                                 
    30                                 
    31                                 
    32                                 
    33                                 
    34                                 
    35                                 
    36                                 
    37                                 
    38                                 
    39                                 
    40                                 
    41                                 
    42                                 
    43                                 
    44                                 
    45                                 
    46                                 
    47                                 
    48                                 
    49                                 
    50                                 
    51                                 
    52                                 
    53                                 
    54                                 
